[0.008s][info][gc] Using G1
[9484.823s][info][gc] GC(0) Pause Young (Normal) (G1 Evacuation Pause) 1024M->16M(2048M) 93.669ms
[26054.551s][info][gc] GC(1) Pause Young (Normal) (G1 Evacuation Pause) 1023M->18M(2048M) 38.713ms
[43086.501s][info][gc] GC(2) Pause Young (Normal) (G1 Evacuation Pause) 1023M->18M(2048M) 25.726ms
[47672.303s][info][gc] GC(3) Pause Young (Normal) (G1 Evacuation Pause) 1024M->16M(2048M) 57.959ms
[55358.760s][info][gc] GC(4) Pause Young (Normal) (G1 Evacuation Pause) 1023M->17M(2048M) 49.505ms
[66111.326s][info][gc] GC(5) Pause Young (Normal) (G1 Evacuation Pause) 1024M->17M(2048M) 76.605ms
[80553.774s][info][gc] GC(6) Pause Young (Normal) (G1 Evacuation Pause) 1023M->17M(2048M) 66.153ms
[89868.619s][info][gc] GC(7) Pause Young (Normal) (G1 Evacuation Pause) 1024M->16M(2048M) 42.056ms
[98746.649s][info][gc] GC(8) Pause Young (Normal) (G1 Evacuation Pause) 1024M->16M(2048M) 45.739ms
